import random

def new_number():
    ''' Generate a random num in the 
    [-10, 10] interval.
    '''
    return random.randint(-10, 10)



VAR --> 'x'

UNARY --> VAR
    | NUM

TREE --> UNARY
    | BINARY

BINARY --> '+' (TREE, TREE)
    | '*' (TREE, TREE)
    | '-' (TREE, TREE)
    | '/' (TREE, TREE)



